
> build
> next build

▲ Next.js 16.2.7 (Turbopack)

  Creating an optimized production build ...
✓ Compiled successfully in 3.8s
  Running TypeScript ...
  Finished TypeScript in 3.7s ...
  Collecting page data using 11 workers ...
No DATABASE_URL provided - running in static mode
  Generating static pages using 11 workers (0/16) ...
  Generating static pages using 11 workers (4/16) 
  Generating static pages using 11 workers (8/16) 
  Generating static pages using 11 workers (12/16) 
✓ Generating static pages using 11 workers (16/16) in 989ms
  Finalizing page optimization ...

Route (app)
┌ ○ /
├ ○ /_not-found
├ ○ /about
├ ƒ /api/health
├ ○ /blog
├ ● /blog/[slug]
│ ├ /blog/docking-p24-vih
│ ├ /blog/resistance-antipaludeenne-plasmodium-ethiopie
│ └ /blog/surveillance-resistance-mtb-nanopore
├ ○ /contact
├ ○ /cv
├ ○ /manifest.webmanifest
├ ○ /projects
├ ○ /publications
├ ○ /research
├ ○ /robots.txt
└ ○ /sitemap.xml


○  (Static)   prerendered as static content
●  (SSG)      prerendered as static HTML (uses generateStaticParams)
ƒ  (Dynamic)  server-rendered on demand

